<html>
<body>
<pre>
<h1>µVision Build Log</h1>
<h2>Project:</h2>
C:\Studia\PPSW\git\PPSW\moduly\moduly.uvproj
Project File Date:  05/20/2025

<h2>Output:</h2>
Rebuild target 'Target 1'
assembling Startup.s...
compiling main.c...
compiling led.c...
compiling keyboard.c...
linking...
Program Size: Code=1488 RO-data=32 RW-data=4 ZI-data=1260  
FromELF: creating hex file...
".\moduly.axf" - 0 Errors, 0 Warning(s).
Rebuild target 'Target 1'
assembling Startup.s...
compiling main.c...
compiling led.c...
compiling keyboard.c...
linking...
Program Size: Code=1452 RO-data=32 RW-data=4 ZI-data=1260  
FromELF: creating hex file...
".\moduly.axf" - 0 Errors, 0 Warning(s).
Rebuild target 'Target 1'
assembling Startup.s...
compiling main.c...
compiling led.c...
compiling keyboard.c...
linking...
Program Size: Code=1452 RO-data=32 RW-data=4 ZI-data=1260  
FromELF: creating hex file...
".\moduly.axf" - 0 Errors, 0 Warning(s).
Rebuild target 'Target 1'
assembling Startup.s...
compiling main.c...
compiling led.c...
compiling keyboard.c...
linking...
Program Size: Code=1452 RO-data=32 RW-data=4 ZI-data=1260  
FromELF: creating hex file...
".\moduly.axf" - 0 Errors, 0 Warning(s).
Build target 'Target 1'
compiling main.c...
linking...
Program Size: Code=1344 RO-data=32 RW-data=4 ZI-data=1260  
FromELF: creating hex file...
".\moduly.axf" - 0 Errors, 0 Warning(s).
